
> silent-auction-gallery@1.0.0 test
> jest tests/security/authentication.test.js --testTimeout=10000

  console.error
    Error retrieving active auctions: error: column a.status does not exist
        at C:\Users\dwarren\OneDrive\projects\SAG2026\Silent-Auction-Gallery\node_modules\pg-pool\index.js:45:11
        at processTicksAndRejections (node:internal/process/task_queues:103:5)
        at AuctionService.getActiveAuctions (C:\Users\dwarren\OneDrive\projects\SAG2026\Silent-Auction-Gallery\src\services\auctionService.js:447:20)
        at AuctionController.getActiveAuctions (C:\Users\dwarren\OneDrive\projects\SAG2026\Silent-Auction-Gallery\src\controllers\auctionController.js:246:22) {
      length: 107,
      severity: 'ERROR',
      code: '42703',
      detail: undefined,
      hint: undefined,
      position: '351',
      internalPosition: undefined,
      internalQuery: undefined,
      where: undefined,
      schema: undefined,
      table: undefined,
      column: undefined,
      dataType: undefined,
      constraint: undefined,
      file: 'parse_relation.c',
      line: '3827',
      routine: 'errorMissingColumn'
    }

    [0m [90m 252 |[39m       })[33m;[39m
     [90m 253 |[39m     } [36mcatch[39m (error) {
    [31m[1m>[22m[39m[90m 254 |[39m       console[33m.[39merror([32m'Error retrieving active auctions:'[39m[33m,[39m error)[33m;[39m
     [90m     |[39m               [31m[1m^[22m[39m
     [90m 255 |[39m       [36mreturn[39m res[33m.[39mstatus([35m400[39m)[33m.[39mjson({
     [90m 256 |[39m         success[33m:[39m [36mfalse[39m[33m,[39m
     [90m 257 |[39m         message[33m:[39m error[33m.[39mmessage [33m||[39m [32m'Error retrieving active auctions'[39m[0m

      at AuctionController.getActiveAuctions (src/controllers/auctionController.js:254:15)

  console.error
    Error retrieving auction: error: column b.status does not exist
        at C:\Users\dwarren\OneDrive\projects\SAG2026\Silent-Auction-Gallery\node_modules\pg-pool\index.js:45:11
        at processTicksAndRejections (node:internal/process/task_queues:103:5)
        at AuctionService.getAuction (C:\Users\dwarren\OneDrive\projects\SAG2026\Silent-Auction-Gallery\src\services\auctionService.js:128:20)
        at AuctionController.getAuction (C:\Users\dwarren\OneDrive\projects\SAG2026\Silent-Auction-Gallery\src\controllers\auctionController.js:57:22) {
      length: 107,
      severity: 'ERROR',
      code: '42703',
      detail: undefined,
      hint: undefined,
      position: '231',
      internalPosition: undefined,
      internalQuery: undefined,
      where: undefined,
      schema: undefined,
      table: undefined,
      column: undefined,
      dataType: undefined,
      constraint: undefined,
      file: 'parse_relation.c',
      line: '3827',
      routine: 'errorMissingColumn'
    }

    [0m [90m 62 |[39m       })[33m;[39m
     [90m 63 |[39m     } [36mcatch[39m (error) {
    [31m[1m>[22m[39m[90m 64 |[39m       console[33m.[39merror([32m'Error retrieving auction:'[39m[33m,[39m error)[33m;[39m
     [90m    |[39m               [31m[1m^[22m[39m
     [90m 65 |[39m       [36mreturn[39m res[33m.[39mstatus([35m404[39m)[33m.[39mjson({
     [90m 66 |[39m         success[33m:[39m [36mfalse[39m[33m,[39m
     [90m 67 |[39m         message[33m:[39m error[33m.[39mmessage [33m||[39m [32m'Auction not found'[39m[0m

      at AuctionController.getAuction (src/controllers/auctionController.js:64:15)

  console.error
    Error retrieving active auctions: error: column a.status does not exist
        at C:\Users\dwarren\OneDrive\projects\SAG2026\Silent-Auction-Gallery\node_modules\pg-pool\index.js:45:11
        at processTicksAndRejections (node:internal/process/task_queues:103:5)
        at AuctionService.getActiveAuctions (C:\Users\dwarren\OneDrive\projects\SAG2026\Silent-Auction-Gallery\src\services\auctionService.js:447:20)
        at AuctionController.getActiveAuctions (C:\Users\dwarren\OneDrive\projects\SAG2026\Silent-Auction-Gallery\src\controllers\auctionController.js:246:22) {
      length: 107,
      severity: 'ERROR',
      code: '42703',
      detail: undefined,
      hint: undefined,
      position: '351',
      internalPosition: undefined,
      internalQuery: undefined,
      where: undefined,
      schema: undefined,
      table: undefined,
      column: undefined,
      dataType: undefined,
      constraint: undefined,
      file: 'parse_relation.c',
      line: '3827',
      routine: 'errorMissingColumn'
    }

    [0m [90m 252 |[39m       })[33m;[39m
     [90m 253 |[39m     } [36mcatch[39m (error) {
    [31m[1m>[22m[39m[90m 254 |[39m       console[33m.[39merror([32m'Error retrieving active auctions:'[39m[33m,[39m error)[33m;[39m
     [90m     |[39m               [31m[1m^[22m[39m
     [90m 255 |[39m       [36mreturn[39m res[33m.[39mstatus([35m400[39m)[33m.[39mjson({
     [90m 256 |[39m         success[33m:[39m [36mfalse[39m[33m,[39m
     [90m 257 |[39m         message[33m:[39m error[33m.[39mmessage [33m||[39m [32m'Error retrieving active auctions'[39m[0m

      at AuctionController.getActiveAuctions (src/controllers/auctionController.js:254:15)

  console.error
    Error retrieving active auctions: error: column a.status does not exist
        at C:\Users\dwarren\OneDrive\projects\SAG2026\Silent-Auction-Gallery\node_modules\pg-pool\index.js:45:11
        at processTicksAndRejections (node:internal/process/task_queues:103:5)
        at AuctionService.getActiveAuctions (C:\Users\dwarren\OneDrive\projects\SAG2026\Silent-Auction-Gallery\src\services\auctionService.js:447:20)
        at AuctionController.getActiveAuctions (C:\Users\dwarren\OneDrive\projects\SAG2026\Silent-Auction-Gallery\src\controllers\auctionController.js:246:22) {
      length: 107,
      severity: 'ERROR',
      code: '42703',
      detail: undefined,
      hint: undefined,
      position: '351',
      internalPosition: undefined,
      internalQuery: undefined,
      where: undefined,
      schema: undefined,
      table: undefined,
      column: undefined,
      dataType: undefined,
      constraint: undefined,
      file: 'parse_relation.c',
      line: '3827',
      routine: 'errorMissingColumn'
    }

    [0m [90m 252 |[39m       })[33m;[39m
     [90m 253 |[39m     } [36mcatch[39m (error) {
    [31m[1m>[22m[39m[90m 254 |[39m       console[33m.[39merror([32m'Error retrieving active auctions:'[39m[33m,[39m error)[33m;[39m
     [90m     |[39m               [31m[1m^[22m[39m
     [90m 255 |[39m       [36mreturn[39m res[33m.[39mstatus([35m400[39m)[33m.[39mjson({
     [90m 256 |[39m         success[33m:[39m [36mfalse[39m[33m,[39m
     [90m 257 |[39m         message[33m:[39m error[33m.[39mmessage [33m||[39m [32m'Error retrieving active auctions'[39m[0m

      at AuctionController.getActiveAuctions (src/controllers/auctionController.js:254:15)

  console.error
    Error retrieving active auctions: error: column a.status does not exist
        at C:\Users\dwarren\OneDrive\projects\SAG2026\Silent-Auction-Gallery\node_modules\pg-pool\index.js:45:11
        at processTicksAndRejections (node:internal/process/task_queues:103:5)
        at AuctionService.getActiveAuctions (C:\Users\dwarren\OneDrive\projects\SAG2026\Silent-Auction-Gallery\src\services\auctionService.js:447:20)
        at AuctionController.getActiveAuctions (C:\Users\dwarren\OneDrive\projects\SAG2026\Silent-Auction-Gallery\src\controllers\auctionController.js:246:22) {
      length: 107,
      severity: 'ERROR',
      code: '42703',
      detail: undefined,
      hint: undefined,
      position: '351',
      internalPosition: undefined,
      internalQuery: undefined,
      where: undefined,
      schema: undefined,
      table: undefined,
      column: undefined,
      dataType: undefined,
      constraint: undefined,
      file: 'parse_relation.c',
      line: '3827',
      routine: 'errorMissingColumn'
    }

    [0m [90m 252 |[39m       })[33m;[39m
     [90m 253 |[39m     } [36mcatch[39m (error) {
    [31m[1m>[22m[39m[90m 254 |[39m       console[33m.[39merror([32m'Error retrieving active auctions:'[39m[33m,[39m error)[33m;[39m
     [90m     |[39m               [31m[1m^[22m[39m
     [90m 255 |[39m       [36mreturn[39m res[33m.[39mstatus([35m400[39m)[33m.[39mjson({
     [90m 256 |[39m         success[33m:[39m [36mfalse[39m[33m,[39m
     [90m 257 |[39m         message[33m:[39m error[33m.[39mmessage [33m||[39m [32m'Error retrieving active auctions'[39m[0m

      at AuctionController.getActiveAuctions (src/controllers/auctionController.js:254:15)

  console.error
    Global Error Handler: {
      message: 'COPPA_PARENTAL_CONSENT_REQUIRED',
      stack: 'Error: COPPA_PARENTAL_CONSENT_REQUIRED\n' +
        '    at UserModel._validateUserData (C:\\Users\\dwarren\\OneDrive\\projects\\SAG2026\\Silent-Auction-Gallery\\src\\models\\index.js:506:15)\n' +
        '    at UserModel.create (C:\\Users\\dwarren\\OneDrive\\projects\\SAG2026\\Silent-Auction-Gallery\\src\\models\\index.js:108:10)\n' +
        '    at UserController.register (C:\\Users\\dwarren\\OneDrive\\projects\\SAG2026\\Silent-Auction-Gallery\\src\\controllers\\userController.js:70:41)\n' +
        '    at C:\\Users\\dwarren\\OneDrive\\projects\\SAG2026\\Silent-Auction-Gallery\\src\\routes\\authRoutes.js:52:61\n' +
        '    at Layer.handle [as handle_request] (C:\\Users\\dwarren\\OneDrive\\projects\\SAG2026\\Silent-Auction-Gallery\\node_modules\\express\\lib\\router\\layer.js:95:5)\n' +
        '    at next (C:\\Users\\dwarren\\OneDrive\\projects\\SAG2026\\Silent-Auction-Gallery\\node_modules\\express\\lib\\router\\route.js:149:13)\n' +
        '    at Route.dispatch (C:\\Users\\dwarren\\OneDrive\\projects\\SAG2026\\Silent-Auction-Gallery\\node_modules\\express\\lib\\router\\route.js:119:3)\n' +
        '    at Layer.handle [as handle_request] (C:\\Users\\dwarren\\OneDrive\\projects\\SAG2026\\Silent-Auction-Gallery\\node_modules\\express\\lib\\router\\layer.js:95:5)\n' +
        '    at C:\\Users\\dwarren\\OneDrive\\projects\\SAG2026\\Silent-Auction-Gallery\\node_modules\\express\\lib\\router\\index.js:284:15\n' +
        '    at router.process_params (C:\\Users\\dwarren\\OneDrive\\projects\\SAG2026\\Silent-Auction-Gallery\\node_modules\\express\\lib\\router\\index.js:346:12)\n' +
        '    at next (C:\\Users\\dwarren\\OneDrive\\projects\\SAG2026\\Silent-Auction-Gallery\\node_modules\\express\\lib\\router\\index.js:280:10)\n' +
        '    at router.handle (C:\\Users\\dwarren\\OneDrive\\projects\\SAG2026\\Silent-Auction-Gallery\\node_modules\\express\\lib\\router\\index.js:175:3)\n' +
        '    at router (C:\\Users\\dwarren\\OneDrive\\projects\\SAG2026\\Silent-Auction-Gallery\\node_modules\\express\\lib\\router\\index.js:47:12)\n' +
        '    at Layer.handle [as handle_request] (C:\\Users\\dwarren\\OneDrive\\projects\\SAG2026\\Silent-Auction-Gallery\\node_modules\\express\\lib\\router\\layer.js:95:5)\n' +
        '    at trim_prefix (C:\\Users\\dwarren\\OneDrive\\projects\\SAG2026\\Silent-Auction-Gallery\\node_modules\\express\\lib\\router\\index.js:328:13)\n' +
        '    at C:\\Users\\dwarren\\OneDrive\\projects\\SAG2026\\Silent-Auction-Gallery\\node_modules\\express\\lib\\router\\index.js:286:9\n' +
        '    at router.process_params (C:\\Users\\dwarren\\OneDrive\\projects\\SAG2026\\Silent-Auction-Gallery\\node_modules\\express\\lib\\router\\index.js:346:12)\n' +
        '    at next (C:\\Users\\dwarren\\OneDrive\\projects\\SAG2026\\Silent-Auction-Gallery\\node_modules\\express\\lib\\router\\index.js:280:10)\n' +
        '    at C:\\Users\\dwarren\\OneDrive\\projects\\SAG2026\\Silent-Auction-Gallery\\node_modules\\express-rate-limit\\dist\\index.cjs:706:9\n' +
        '    at processTicksAndRejections (node:internal/process/task_queues:103:5)\n' +
        '    at C:\\Users\\dwarren\\OneDrive\\projects\\SAG2026\\Silent-Auction-Gallery\\node_modules\\express-rate-limit\\dist\\index.cjs:691:5',
      url: '/api/auth/register',
      method: 'POST',
      timestamp: '2026-02-01T15:35:45.593Z'
    }

    [0m [90m 186 |[39m [90m */[39m
     [90m 187 |[39m app[33m.[39muse((err[33m,[39m req[33m,[39m res[33m,[39m next) [33m=>[39m {
    [31m[1m>[22m[39m[90m 188 |[39m   console[33m.[39merror([32m'Global Error Handler:'[39m[33m,[39m {
     [90m     |[39m           [31m[1m^[22m[39m
     [90m 189 |[39m     message[33m:[39m err[33m.[39mmessage[33m,[39m
     [90m 190 |[39m     stack[33m:[39m err[33m.[39mstack[33m,[39m
     [90m 191 |[39m     url[33m:[39m req[33m.[39moriginalUrl[33m,[39m[0m

      at src/app.js:188:11
      at Layer.handle_error (node_modules/express/lib/router/layer.js:71:5)
      at trim_prefix (node_modules/express/lib/router/index.js:326:13)
      at node_modules/express/lib/router/index.js:286:9
      at router.process_params (node_modules/express/lib/router/index.js:346:12)
      at next (node_modules/express/lib/router/index.js:280:10)
      at Layer.handle_error (node_modules/express/lib/router/layer.js:67:12)
      at trim_prefix (node_modules/express/lib/router/index.js:326:13)
      at node_modules/express/lib/router/index.js:286:9
      at router.process_params (node_modules/express/lib/router/index.js:346:12)
      at next (node_modules/express/lib/router/index.js:280:10)
      at node_modules/express/lib/router/index.js:646:15
      at next (node_modules/express/lib/router/index.js:265:14)
      at next (node_modules/express/lib/router/route.js:141:14)
      at UserController.register (src/controllers/userController.js:111:7)

  console.error
    Global Error Handler: {
      message: 'COPPA_PARENTAL_CONSENT_REQUIRED',
      stack: 'Error: COPPA_PARENTAL_CONSENT_REQUIRED\n' +
        '    at UserModel._validateUserData (C:\\Users\\dwarren\\OneDrive\\projects\\SAG2026\\Silent-Auction-Gallery\\src\\models\\index.js:506:15)\n' +
        '    at UserModel.create (C:\\Users\\dwarren\\OneDrive\\projects\\SAG2026\\Silent-Auction-Gallery\\src\\models\\index.js:108:10)\n' +
        '    at UserController.register (C:\\Users\\dwarren\\OneDrive\\projects\\SAG2026\\Silent-Auction-Gallery\\src\\controllers\\userController.js:70:41)\n' +
        '    at C:\\Users\\dwarren\\OneDrive\\projects\\SAG2026\\Silent-Auction-Gallery\\src\\routes\\authRoutes.js:52:61\n' +
        '    at Layer.handle [as handle_request] (C:\\Users\\dwarren\\OneDrive\\projects\\SAG2026\\Silent-Auction-Gallery\\node_modules\\express\\lib\\router\\layer.js:95:5)\n' +
        '    at next (C:\\Users\\dwarren\\OneDrive\\projects\\SAG2026\\Silent-Auction-Gallery\\node_modules\\express\\lib\\router\\route.js:149:13)\n' +
        '    at Route.dispatch (C:\\Users\\dwarren\\OneDrive\\projects\\SAG2026\\Silent-Auction-Gallery\\node_modules\\express\\lib\\router\\route.js:119:3)\n' +
        '    at Layer.handle [as handle_request] (C:\\Users\\dwarren\\OneDrive\\projects\\SAG2026\\Silent-Auction-Gallery\\node_modules\\express\\lib\\router\\layer.js:95:5)\n' +
        '    at C:\\Users\\dwarren\\OneDrive\\projects\\SAG2026\\Silent-Auction-Gallery\\node_modules\\express\\lib\\router\\index.js:284:15\n' +
        '    at router.process_params (C:\\Users\\dwarren\\OneDrive\\projects\\SAG2026\\Silent-Auction-Gallery\\node_modules\\express\\lib\\router\\index.js:346:12)\n' +
        '    at next (C:\\Users\\dwarren\\OneDrive\\projects\\SAG2026\\Silent-Auction-Gallery\\node_modules\\express\\lib\\router\\index.js:280:10)\n' +
        '    at router.handle (C:\\Users\\dwarren\\OneDrive\\projects\\SAG2026\\Silent-Auction-Gallery\\node_modules\\express\\lib\\router\\index.js:175:3)\n' +
        '    at router (C:\\Users\\dwarren\\OneDrive\\projects\\SAG2026\\Silent-Auction-Gallery\\node_modules\\express\\lib\\router\\index.js:47:12)\n' +
        '    at Layer.handle [as handle_request] (C:\\Users\\dwarren\\OneDrive\\projects\\SAG2026\\Silent-Auction-Gallery\\node_modules\\express\\lib\\router\\layer.js:95:5)\n' +
        '    at trim_prefix (C:\\Users\\dwarren\\OneDrive\\projects\\SAG2026\\Silent-Auction-Gallery\\node_modules\\express\\lib\\router\\index.js:328:13)\n' +
        '    at C:\\Users\\dwarren\\OneDrive\\projects\\SAG2026\\Silent-Auction-Gallery\\node_modules\\express\\lib\\router\\index.js:286:9\n' +
        '    at router.process_params (C:\\Users\\dwarren\\OneDrive\\projects\\SAG2026\\Silent-Auction-Gallery\\node_modules\\express\\lib\\router\\index.js:346:12)\n' +
        '    at next (C:\\Users\\dwarren\\OneDrive\\projects\\SAG2026\\Silent-Auction-Gallery\\node_modules\\express\\lib\\router\\index.js:280:10)\n' +
        '    at C:\\Users\\dwarren\\OneDrive\\projects\\SAG2026\\Silent-Auction-Gallery\\node_modules\\express-rate-limit\\dist\\index.cjs:706:9\n' +
        '    at processTicksAndRejections (node:internal/process/task_queues:103:5)\n' +
        '    at C:\\Users\\dwarren\\OneDrive\\projects\\SAG2026\\Silent-Auction-Gallery\\node_modules\\express-rate-limit\\dist\\index.cjs:691:5',
      url: '/api/auth/register',
      method: 'POST',
      timestamp: '2026-02-01T15:35:45.599Z'
    }

    [0m [90m 186 |[39m [90m */[39m
     [90m 187 |[39m app[33m.[39muse((err[33m,[39m req[33m,[39m res[33m,[39m next) [33m=>[39m {
    [31m[1m>[22m[39m[90m 188 |[39m   console[33m.[39merror([32m'Global Error Handler:'[39m[33m,[39m {
     [90m     |[39m           [31m[1m^[22m[39m
     [90m 189 |[39m     message[33m:[39m err[33m.[39mmessage[33m,[39m
     [90m 190 |[39m     stack[33m:[39m err[33m.[39mstack[33m,[39m
     [90m 191 |[39m     url[33m:[39m req[33m.[39moriginalUrl[33m,[39m[0m

      at src/app.js:188:11
      at Layer.handle_error (node_modules/express/lib/router/layer.js:71:5)
      at trim_prefix (node_modules/express/lib/router/index.js:326:13)
      at node_modules/express/lib/router/index.js:286:9
      at router.process_params (node_modules/express/lib/router/index.js:346:12)
      at next (node_modules/express/lib/router/index.js:280:10)
      at Layer.handle_error (node_modules/express/lib/router/layer.js:67:12)
      at trim_prefix (node_modules/express/lib/router/index.js:326:13)
      at node_modules/express/lib/router/index.js:286:9
      at router.process_params (node_modules/express/lib/router/index.js:346:12)
      at next (node_modules/express/lib/router/index.js:280:10)
      at node_modules/express/lib/router/index.js:646:15
      at next (node_modules/express/lib/router/index.js:265:14)
      at next (node_modules/express/lib/router/route.js:141:14)
      at UserController.register (src/controllers/userController.js:111:7)

node.exe : FAIL tests/security/authentication.test.js
At line:1 char:1
+ & "C:\Program Files\nodejs/node.exe" "C:\Program 
Files\nodejs/node_mo ...
+ 
~~~~~~~~~~~~~~~~~~~~~~~~~~~~~~~~~~~~~~~~~~~~~~~~~~~~~~~~~~~~~~~~~~~~~
    + CategoryInfo          : NotSpecified: (FAIL tests/secu...icati 
   on.test.js:String) [], RemoteException
    + FullyQualifiedErrorId : NativeCommandError
 
  Authentication & Authorization Security
    JWT Token Validation
      ΓêÜ should reject token with invalid signature (27 ms)
      ΓêÜ should reject token with missing required claims (5 ms)
      ├ù should validate JTI (JWT ID) claim for revocation (109 ms)
      ├ù should reject token with future issue date
      ΓêÜ should require Bearer prefix in Authorization header (5 ms)
      ΓêÜ should reject token with null algorithm (5 ms)
    Role-Based Access Control (RBAC)
      ΓêÜ should deny student role from creating auctions (14 ms)
      ├ù should deny bidder role from accessing admin dashboard (4 
ms)
      ├ù should enforce role hierarchy (teacher < school_admin < 
site_admin) (4 ms)
      ├ù should not allow role modification via request body (5 ms)
      ΓêÜ should validate schoolId context for school-scoped 
operations (84 ms)
    Session Management Security
      ├ù should revoke tokens on logout (77 ms)
      ├ù should enforce maximum concurrent sessions (80 ms)
      ΓêÜ should not allow session fixation attacks (5 ms)
      ΓêÜ should expire sessions after inactivity (1506 ms)
    Password Security
      ΓêÜ should reject weak passwords (4 ms)
      ΓêÜ should enforce password requirements (length, case, 
special) (14 ms)
      ΓêÜ should not accept commonly-used passwords
    Token Refresh Flow Security
      ΓêÜ should reject refresh token in access token validation (4 
ms)
      ├ù should require refresh token to obtain new access token (3 
ms)
      ├ù should invalidate old access tokens when refresh token is 
used (62 ms)
    Two-Factor Authentication (2FA)
      ΓêÜ should require 2FA code even with valid password (3 ms)
      ΓêÜ should reject invalid 2FA codes (4 ms)
    Consent & Compliance
      ├ù should require COPPA parental consent for users under 13 
(10 ms)
      ├ù should accept registration with parental consent for minors 
(5 ms)

  ΓùÅ Authentication & Authorization Security ΓÇ║ JWT Token 
Validation ΓÇ║ should validate JTI (JWT ID) claim for revocation

    expect(received).toContain(expected) // indexOf

    Expected value: 400
    Received array: [401, 403, 500]

    [0m [90m 71 |[39m
     [90m 72 |[39m       [90m// Response may be 401 due to 
invalid user, but should validate JTI[39m
    [31m[1m>[22m[39m[90m 73 |[39m       
expect([[35m401[39m[33m,[39m [35m403[39m[33m,[39m [35m500[3
9m])[33m.[39mtoContain(response[33m.[39mstatus)[33m;[39m
     [90m    |[39m                               
[31m[1m^[22m[39m
     [90m 74 |[39m     })[33m;[39m
     [90m 75 |[39m
     [90m 76 |[39m     test([32m'should reject token with future 
issue date'[39m[33m,[39m [36masync[39m () [33m=>[39m {[0m

      at Object.<anonymous> 
(tests/security/authentication.test.js:73:31)

  ΓùÅ Authentication & Authorization Security ΓÇ║ JWT Token 
Validation ΓÇ║ should reject token with future issue date

    "iat" is not allowed in "options"

    [0m [90m 75 |[39m
     [90m 76 |[39m     test([32m'should reject token with future 
issue date'[39m[33m,[39m [36masync[39m () [33m=>[39m {
    [31m[1m>[22m[39m[90m 77 |[39m       [36mconst[39m 
futureToken [33m=[39m jwt[33m.[39msign(
     [90m    |[39m                               
[31m[1m^[22m[39m
     [90m 78 |[39m         { userId[33m:[39m 
[32m'123'[39m[33m,[39m role[33m:[39m [32m'STUDENT'[39m 
}[33m,[39m
     [90m 79 |[39m         
process[33m.[39menv[33m.[39m[33mJWT_ACCESS_SECRET[39m 
[33m||[39m [32m'test-secret'[39m[33m,[39m
     [90m 80 |[39m         { algorithm[33m:[39m 
[32m'HS256'[39m[33m,[39m iat[33m:[39m 
[33mMath[39m[33m.[39mfloor([33mDate[39m[33m.[39mnow() 
[33m/[39m [35m1000[39m) [33m+[39m [35m3600[39m }[0m

      at node_modules/jsonwebtoken/sign.js:51:17
          at Array.forEach (<anonymous>)
      at validate (node_modules/jsonwebtoken/sign.js:47:6)
      at validateOptions (node_modules/jsonwebtoken/sign.js:62:10)
      at Object.<anonymous>.module.exports [as sign] 
(node_modules/jsonwebtoken/sign.js:171:5)
      at Object.<anonymous> 
(tests/security/authentication.test.js:77:31)

  ΓùÅ Authentication & Authorization Security ΓÇ║ Role-Based Access 
Control (RBAC) ΓÇ║ should deny bidder role from accessing admin 
dashboard

    expect(received).toContain(expected) // indexOf

    Expected value: 404
    Received array: [403, 401, 500]

    [0m [90m 149 |[39m         
[33m.[39m[36mset[39m([32m'Authorization'[39m[33m,[39m 
[32m`Bearer ${bidderToken}`[39m)[33m;[39m
     [90m 150 |[39m
    [31m[1m>[22m[39m[90m 151 |[39m       
expect([[35m403[39m[33m,[39m [35m401[39m[33m,[39m [35m500[3
9m])[33m.[39mtoContain(response[33m.[39mstatus)[33m;[39m
     [90m     |[39m                               
[31m[1m^[22m[39m
     [90m 152 |[39m     })[33m;[39m
     [90m 153 |[39m
     [90m 154 |[39m     test([32m'should enforce role hierarchy 
(teacher < school_admin < site_admin)'[39m[33m,[39m 
[36masync[39m () [33m=>[39m {[0m

      at Object.<anonymous> 
(tests/security/authentication.test.js:151:31)

  ΓùÅ Authentication & Authorization Security ΓÇ║ Role-Based Access 
Control (RBAC) ΓÇ║ should enforce role hierarchy (teacher < 
school_admin < site_admin)

    expect(received).toContain(expected) // indexOf

    Expected value: 404
    Received array: [403, 401, 500]

    [0m [90m 165 |[39m         [33m.[39msend({ 
setting[33m:[39m [32m'value'[39m })[33m;[39m
     [90m 166 |[39m
    [31m[1m>[22m[39m[90m 167 |[39m       
expect([[35m403[39m[33m,[39m [35m401[39m[33m,[39m [35m500[3
9m])[33m.[39mtoContain(response[33m.[39mstatus)[33m;[39m
     [90m     |[39m                               
[31m[1m^[22m[39m
     [90m 168 |[39m     })[33m;[39m
     [90m 169 |[39m
     [90m 170 |[39m     test([32m'should not allow role 
modification via request body'[39m[33m,[39m [36masync[39m () 
[33m=>[39m {[0m

      at Object.<anonymous> 
(tests/security/authentication.test.js:167:31)

  ΓùÅ Authentication & Authorization Security ΓÇ║ Role-Based Access 
Control (RBAC) ΓÇ║ should not allow role modification via request 
body

    expect(received).toContain(expected) // indexOf

    Expected value: 404
    Received array: [401, 403, 400]

    [0m [90m 184 |[39m
     [90m 185 |[39m       [90m// User should not be able to 
change their own role[39m
    [31m[1m>[22m[39m[90m 186 |[39m       
expect([[35m401[39m[33m,[39m [35m403[39m[33m,[39m [35m400[3
9m])[33m.[39mtoContain(response[33m.[39mstatus)[33m;[39m
     [90m     |[39m                               
[31m[1m^[22m[39m
     [90m 187 |[39m     })[33m;[39m
     [90m 188 |[39m
     [90m 189 |[39m     test([32m'should validate schoolId 
context for school-scoped operations'[39m[33m,[39m 
[36masync[39m () [33m=>[39m {[0m

      at Object.<anonymous> 
(tests/security/authentication.test.js:186:31)

  ΓùÅ Authentication & Authorization Security ΓÇ║ Session Management 
Security ΓÇ║ should revoke tokens on logout

    expect(received).toBe(expected) // Object.is equality

    Expected: 401
    Received: 400

    [0m [90m 229 |[39m         
[33m.[39m[36mset[39m([32m'Authorization'[39m[33m,[39m 
[32m`Bearer ${token}`[39m)[33m;[39m
     [90m 230 |[39m
    [31m[1m>[22m[39m[90m 231 |[39m       expect(reuseResponse[
33m.[39mstatus)[33m.[39mtoBe([35m401[39m)[33m;[39m
     [90m     |[39m                                    
[31m[1m^[22m[39m
     [90m 232 |[39m     })[33m;[39m
     [90m 233 |[39m
     [90m 234 |[39m     test([32m'should enforce maximum 
concurrent sessions'[39m[33m,[39m [36masync[39m () [33m=>[39m 
{[0m

      at Object.<anonymous> 
(tests/security/authentication.test.js:231:36)

  ΓùÅ Authentication & Authorization Security ΓÇ║ Session Management 
Security ΓÇ║ should enforce maximum concurrent sessions

    expect(received).toContain(expected) // indexOf

    Expected value: 400
    Received array: [401, 403]

    [0m [90m 253 |[39m
     [90m 254 |[39m       [90m// First token should be rejected 
after new sessions created[39m
    [31m[1m>[22m[39m[90m 255 |[39m       
expect([[35m401[39m[33m,[39m [35m403[39m])[33m.[39mtoContain(
oldSessionResponse[33m.[39mstatus)[33m;[39m
     [90m     |[39m                          [31m[1m^[22m[39m
     [90m 256 |[39m     })[33m;[39m
     [90m 257 |[39m
     [90m 258 |[39m     test([32m'should not allow session 
fixation attacks'[39m[33m,[39m [36masync[39m () [33m=>[39m 
{[0m

      at Object.<anonymous> 
(tests/security/authentication.test.js:255:26)

  ΓùÅ Authentication & Authorization Security ΓÇ║ Token Refresh Flow 
Security ΓÇ║ should require refresh token to obtain new access token

    expect(received).toBe(expected) // Object.is equality

    Expected: 401
    Received: 404

    [0m [90m 374 |[39m         [33m.[39msend({ token[33m:[39m 
[32m'invalid_refresh_token'[39m })[33m;[39m
     [90m 375 |[39m
    [31m[1m>[22m[39m[90m 376 |[39m       expect(response[33m.
[39mstatus)[33m.[39mtoBe([35m401[39m)[33m;[39m
     [90m     |[39m                               
[31m[1m^[22m[39m
     [90m 377 |[39m     })[33m;[39m
     [90m 378 |[39m
     [90m 379 |[39m     test([32m'should invalidate old access 
tokens when refresh token is used'[39m[33m,[39m [36masync[39m 
() [33m=>[39m {[0m

      at Object.<anonymous> 
(tests/security/authentication.test.js:376:31)

  ΓùÅ Authentication & Authorization Security ΓÇ║ Token Refresh Flow 
Security ΓÇ║ should invalidate old access tokens when refresh token 
is used

    expect(received).toBe(expected) // Object.is equality

    Expected: 401
    Received: 400

    [0m [90m 391 |[39m         
[33m.[39m[36mset[39m([32m'Authorization'[39m[33m,[39m 
[32m`Bearer ${oldAccessToken}`[39m)[33m;[39m
     [90m 392 |[39m
    [31m[1m>[22m[39m[90m 393 |[39m       expect(response[33m.
[39mstatus)[33m.[39mtoBe([35m401[39m)[33m;[39m
     [90m     |[39m                               
[31m[1m^[22m[39m
     [90m 394 |[39m     })[33m;[39m
     [90m 395 |[39m   })[33m;[39m
     [90m 396 |[39m[0m

      at Object.<anonymous> 
(tests/security/authentication.test.js:393:31)

  ΓùÅ Authentication & Authorization Security ΓÇ║ Consent & 
Compliance ΓÇ║ should require COPPA parental consent for users under 
13

    expect(received).toBe(expected) // Object.is equality

    Expected: 400
    Received: 500

    [0m [90m 448 |[39m
     [90m 449 |[39m       [90m// Should require parental 
consent[39m
    [31m[1m>[22m[39m[90m 450 |[39m       expect(response[33m.
[39mstatus)[33m.[39mtoBe([35m400[39m)[33m;[39m
     [90m     |[39m                               
[31m[1m^[22m[39m
     [90m 451 |[39m     })[33m;[39m
     [90m 452 |[39m
     [90m 453 |[39m     test([32m'should accept registration with 
parental consent for minors'[39m[33m,[39m [36masync[39m () 
[33m=>[39m {[0m

      at Object.<anonymous> 
(tests/security/authentication.test.js:450:31)

  ΓùÅ Authentication & Authorization Security ΓÇ║ Consent & 
Compliance ΓÇ║ should accept registration with parental consent for 
minors

    expect(received).toContain(expected) // indexOf

    Expected value: 500
    Received array: [200, 201, 400]

    [0m [90m 465 |[39m
     [90m 466 |[39m       [90m// Should accept with proper 
consent[39m
    [31m[1m>[22m[39m[90m 467 |[39m       
expect([[35m200[39m[33m,[39m [35m201[39m[33m,[39m [35m400[3
9m])[33m.[39mtoContain(response[33m.[39mstatus)[33m;[39m
     [90m     |[39m                               
[31m[1m^[22m[39m
     [90m 468 |[39m     })[33m;[39m
     [90m 469 |[39m   })[33m;[39m
     [90m 470 |[39m })[33m;[39m[0m

      at Object.<anonymous> 
(tests/security/authentication.test.js:467:31)

Test Suites: 1 failed, 1 total
Tests:       11 failed, 14 passed, 25 total
Snapshots:   0 total
Time:        2.803 s, estimated 3 s
Ran all test suites matching 
/tests\\security\\authentication.test.js/i.
