
> silent-auction-gallery@1.0.0 test
> jest tests/integration/database/schema.test.js --testTimeout=10000

node.exe : FAIL tests/integration/database/schema.test.js
At line:1 char:1
+ & "C:\Program Files\nodejs/node.exe" "C:\Program Files\nodejs/node_mo ...
+ ~~~~~~~~~~~~~~~~~~~~~~~~~~~~~~~~~~~~~~~~~~~~~~~~~~~~~~~~~~~~~~~~~~~~~
    + CategoryInfo          : NotSpecified: (FAIL tests/inte.../schema.test.js:String) [], RemoteException
    + FullyQualifiedErrorId : NativeCommandError
 
  Database Schema Validation
    Table Existence
      ΓêÜ should have all required tables (90 ms)
      ΓêÜ users table should exist (1 ms)
      ΓêÜ auctions table should exist (1 ms)
      ΓêÜ bids table should exist (1 ms)
      ΓêÜ artwork table should exist (1 ms)
      ΓêÜ schools table should exist
    Column Definitions
      ΓêÜ users table should have required columns (4 ms)
      ├ù auctions table should have required columns (3 ms)
      ├ù bids table should have required columns (2 ms)
      ├ù artwork table should have required columns (3 ms)
      ├ù payment_transactions table should have required columns (1 ms)
      ├ù users.email should be VARCHAR (2 ms)
      ΓêÜ bids.bid_amount should be NUMERIC (2 ms)
      ΓêÜ created_at columns should be TIMESTAMP (2 ms)
    Constraints
      ΓêÜ users.email should be unique (3 ms)
      ΓêÜ users.email should be NOT NULL (2 ms)
      ΓêÜ users table should have primary key (1 ms)
      ΓêÜ auctions.status should have check constraint
      ΓêÜ bids.bid_amount should be NOT NULL (2 ms)
      ΓêÜ auctions table should have NOT NULL columns (3 ms)
      ├ù payment_transactions.amount should be NOT NULL (2 ms)
      ├ù schools.college_board_code should be unique (1 ms)
    Foreign Keys
      ΓêÜ bids table should have foreign key to auctions (1 ms)
      ΓêÜ bids table should have foreign key to users (1 ms)
      ΓêÜ auctions table should have foreign key to schools (1 ms)
      ΓêÜ artwork table should have foreign key to schools
      ΓêÜ users table should have foreign key to schools (1 ms)
      ΓêÜ payment_transactions should have foreign key to auctions (1 ms)
    Indexes
      ΓêÜ users table should have indexes on email (2 ms)
      ΓêÜ auctions table should have indexes (1 ms)
      ΓêÜ bids table should have indexes on auction_id (1 ms)
      ΓêÜ schools table should have indexes on college_board_code
      ΓêÜ audit_logs table should have indexes for queries (1 ms)
    Soft Delete Support
      ΓêÜ users table should have deleted_at column (1 ms)
      ΓêÜ auctions table should have deleted_at column (2 ms)
      ΓêÜ artwork table should have deleted_at column (3 ms)
    Triggers
      ΓêÜ audit_logs table should exist for trigger support
      ΓêÜ audit_logs should track user_id (2 ms)
      ΓêÜ audit_logs should track action type (2 ms)
    Default Values
      ΓêÜ created_at columns should have default value (3 ms)
      ΓêÜ audit_logs.created_at should have default value (3 ms)
    Data Integrity
      ΓêÜ should not allow NULL in critical columns (2 ms)
      ΓêÜ should have proper ENUM types for status fields (1 ms)

  ΓùÅ Database Schema Validation ΓÇ║ Column Definitions ΓÇ║ auctions table should have required columns

    expect(received).toContain(expected) // indexOf

    Expected value: "status"
    Received array: ["id", "school_id", "title", "description", "auction_status", "starts_at", "ends_at", "created_by_user_id", "approved_by_user_id", "approval_notes", ΓÇª]

    [0m [90m 156 |[39m       expect(columns)[33m.[39mtoContain([32m'id'[39m)[33m;[39m
     [90m 157 |[39m       expect(columns)[33m.[39mtoContain([32m'title'[39m)[33m;[39m
    [31m[1m>[22m[39m[90m 158 |[39m       expect(columns)[33m.[39mtoContain([32m'status'[39m)[33m;[39m
     [90m     |[39m                       [31m[1m^[22m[39m
     [90m 159 |[39m       expect(columns)[33m.[39mtoContain([32m'start_time'[39m)[33m;[39m
     [90m 160 |[39m       expect(columns)[33m.[39mtoContain([32m'end_time'[39m)[33m;[39m
     [90m 161 |[39m       expect(columns)[33m.[39mtoContain([32m'current_bid'[39m)[33m;[39m[0m

      at Object.<anonymous> (tests/integration/database/schema.test.js:158:23)

  ΓùÅ Database Schema Validation ΓÇ║ Column Definitions ΓÇ║ bids table should have required columns

    expect(received).toContain(expected) // indexOf

    Expected value: "bidder_id"
    Received array: ["id", "auction_id", "artwork_id", "placed_by_user_id", "bid_amount", "is_auto_bid", "auto_bid_max_amount", "bid_status", "placed_at", "ip_address", ΓÇª]

    [0m [90m 173 |[39m       expect(columns)[33m.[39mtoContain([32m'id'[39m)[33m;[39m
     [90m 174 |[39m       expect(columns)[33m.[39mtoContain([32m'auction_id'[39m)[33m;[39m
    [31m[1m>[22m[39m[90m 175 |[39m       expect(columns)[33m.[39mtoContain([32m'bidder_id'[39m)[33m;[39m
     [90m     |[39m                       [31m[1m^[22m[39m
     [90m 176 |[39m       expect(columns)[33m.[39mtoContain([32m'bid_amount'[39m)[33m;[39m
     [90m 177 |[39m     })[33m;[39m
     [90m 178 |[39m[0m

      at Object.<anonymous> (tests/integration/database/schema.test.js:175:23)

  ΓùÅ Database Schema Validation ΓÇ║ Column Definitions ΓÇ║ artwork table should have required columns

    expect(received).toContain(expected) // indexOf

    Expected value: "school_id"
    Received array: ["id", "auction_id", "created_by_user_id", "title", "description", "artist_name", "artist_grade", "medium", "dimensions_width_cm", "dimensions_height_cm", ΓÇª]

    [0m [90m 189 |[39m       expect(columns)[33m.[39mtoContain([32m'title'[39m)[33m;[39m
     [90m 190 |[39m       expect(columns)[33m.[39mtoContain([32m'artist_name'[39m)[33m;[39m
    [31m[1m>[22m[39m[90m 191 |[39m       expect(columns)[33m.[39mtoContain([32m'school_id'[39m)[33m;[39m
     [90m     |[39m                       [31m[1m^[22m[39m
     [90m 192 |[39m     })[33m;[39m
     [90m 193 |[39m
     [90m 194 |[39m     test([32m'payment_transactions table should have required columns'[39m[33m,[39m [36masync[39m () [33m=>[39m {[0m

      at Object.<anonymous> (tests/integration/database/schema.test.js:191:23)

  ΓùÅ Database Schema Validation ΓÇ║ Column Definitions ΓÇ║ payment_transactions table should have required columns

    expect(received).toContain(expected) // indexOf

    Expected value: "amount"
    Received array: ["id", "auction_id", "artwork_id", "buyer_user_id", "payment_method_id", "gateway_id", "transaction_type", "hammer_amount", "platform_fee", "total_amount", ΓÇª]

    [0m [90m 202 |[39m       
     [90m 203 |[39m       expect(columns)[33m.[39mtoContain([32m'id'[39m)[33m;[39m
    [31m[1m>[22m[39m[90m 204 |[39m       expect(columns)[33m.[39mtoContain([32m'amount'[39m)[33m;[39m
     [90m     |[39m                       [31m[1m^[22m[39m
     [90m 205 |[39m       expect(columns)[33m.[39mtoContain([32m'gateway'[39m)[33m;[39m
     [90m 206 |[39m       expect(columns)[33m.[39mtoContain([32m'status'[39m)[33m;[39m
     [90m 207 |[39m     })[33m;[39m[0m

      at Object.<anonymous> (tests/integration/database/schema.test.js:204:23)

  ΓùÅ Database Schema Validation ΓÇ║ Column Definitions ΓÇ║ users.email should be VARCHAR

    expect(received).toBe(expected) // Object.is equality

    Expected: true
    Received: false

    [0m [90m 214 |[39m [32m      `[39m[33m;[39m
     [90m 215 |[39m       [36mconst[39m result [33m=[39m [36mawait[39m db[33m.[39mquery(query)[33m;[39m
    [31m[1m>[22m[39m[90m 216 |[39m       expect([[32m'character varying'[39m[33m,[39m 
[32m'varchar'[39m][33m.[39mincludes(result[33m.[39mrows[[35m0[39m][33m.[39mdata_type))[33m.[39mtoBe([36mtrue[39m)[33m;[39m
     [90m     |[39m                                                                                   [31m[1m^[22m[39m
     [90m 217 |[39m     })[33m;[39m
     [90m 218 |[39m
     [90m 219 |[39m     test([32m'bids.bid_amount should be NUMERIC'[39m[33m,[39m [36masync[39m () [33m=>[39m {[0m

      at Object.<anonymous> (tests/integration/database/schema.test.js:216:83)

  ΓùÅ Database Schema Validation ΓÇ║ Constraints ΓÇ║ payment_transactions.amount should be NOT NULL

    TypeError: Cannot read properties of undefined (reading 'is_nullable')

    [0m [90m 318 |[39m [32m      `[39m[33m;[39m
     [90m 319 |[39m       [36mconst[39m result [33m=[39m [36mawait[39m db[33m.[39mquery(query)[33m;[39m
    [31m[1m>[22m[39m[90m 320 |[39m       expect(result[33m.[39mrows[[35m0[39m][33m.[39mis_nullable)[33m.[39mtoBe([32m'NO'[39m)[33m;[39m
     [90m     |[39m                             [31m[1m^[22m[39m
     [90m 321 |[39m     })[33m;[39m
     [90m 322 |[39m
     [90m 323 |[39m     test([32m'schools.college_board_code should be unique'[39m[33m,[39m [36masync[39m () [33m=>[39m {[0m

      at Object.<anonymous> (tests/integration/database/schema.test.js:320:29)

  ΓùÅ Database Schema Validation ΓÇ║ Constraints ΓÇ║ schools.college_board_code should be unique

    expect(received).toBeGreaterThan(expected)

    Expected: > 0
    Received:   0

    [0m [90m 330 |[39m [32m      `[39m[33m;[39m
     [90m 331 |[39m       [36mconst[39m result [33m=[39m [36mawait[39m db[33m.[39mquery(query)[33m;[39m
    [31m[1m>[22m[39m[90m 332 |[39m       expect(parseInt(result[33m.[39mrows[[35m0[39m][33m.[39mcount))[33m.[39mtoBeGreaterThan([35m0[39m)[33m;[39m
     [90m     |[39m                                              [31m[1m^[22m[39m
     [90m 333 |[39m     })[33m;[39m
     [90m 334 |[39m   })[33m;[39m
     [90m 335 |[39m[0m

      at Object.<anonymous> (tests/integration/database/schema.test.js:332:46)

Test Suites: 1 failed, 1 total
Tests:       7 failed, 36 passed, 43 total
Snapshots:   0 total
Time:        0.459 s, estimated 1 s
Ran all test suites matching /tests\\integration\\database\\schema.test.js/i.
