
> silent-auction-gallery@1.0.0 test
> jest tests/security/section-11-security.test.js --passWithNoTests

  console.warn
    [SECURITY] Suspicious request detected {
      timestamp: '2026-02-03T02:04:07.316Z',
      ip: '::ffff:127.0.0.1',
      method: 'GET',
      path: '/api/auctions',
      query: { filter: "' UNION SELECT * FROM users--" },
      body: {}
    }

    [0m [90m 416 |[39m         pattern[33m.[39mtest(bodyString) [33m||[39m 
     [90m 417 |[39m         pattern[33m.[39mtest(urlString)) {
    [31m[1m>[22m[39m[90m 418 |[39m       console[33m.[39mwarn([32m'[SECURITY] Suspicious request detected'[39m[33m,[39m {
     [90m     |[39m               [31m[1m^[22m[39m
     [90m 419 |[39m         timestamp[33m:[39m [36mnew[39m [33mDate[39m()[33m.[39mtoISOString()[33m,[39m
     [90m 420 |[39m         ip[33m:[39m req[33m.[39mip[33m,[39m
     [90m 421 |[39m         method[33m:[39m req[33m.[39mmethod[33m,[39m[0m

      at securityLogger (src/middleware/securityMiddleware.js:418:15)
      at Layer.handle [as handle_request] (node_modules/express/lib/router/layer.js:95:5)
      at trim_prefix (node_modules/express/lib/router/index.js:328:13)
      at node_modules/express/lib/router/index.js:286:9
      at router.process_params (node_modules/express/lib/router/index.js:346:12)
      at next (node_modules/express/lib/router/index.js:280:10)
      at urlencodedParser (node_modules/body-parser/lib/types/urlencoded.js:91:7)
      at Layer.handle [as handle_request] (node_modules/express/lib/router/layer.js:95:5)
      at trim_prefix (node_modules/express/lib/router/index.js:328:13)
      at node_modules/express/lib/router/index.js:286:9
      at router.process_params (node_modules/express/lib/router/index.js:346:12)
      at next (node_modules/express/lib/router/index.js:280:10)
      at jsonParser (node_modules/body-parser/lib/types/json.js:113:7)
      at Layer.handle [as handle_request] (node_modules/express/lib/router/layer.js:95:5)
      at trim_prefix (node_modules/express/lib/router/index.js:328:13)
      at node_modules/express/lib/router/index.js:286:9
      at router.process_params (node_modules/express/lib/router/index.js:346:12)
      at next (node_modules/express/lib/router/index.js:280:10)
      at SendStream.error (node_modules/serve-static/index.js:121:7)
      at SendStream.error (node_modules/send/index.js:270:17)
      at SendStream.onStatError (node_modules/send/index.js:417:12)
      at next (node_modules/send/index.js:730:16)
      at onstat (node_modules/send/index.js:719:14)

  console.warn
    [SECURITY] Suspicious request detected {
      timestamp: '2026-02-03T02:04:07.425Z',
      ip: '::ffff:127.0.0.1',
      method: 'POST',
      path: '/api/auctions',
      query: {},
      body: { title: '; DROP TABLE users;--', description: 'Test' }
    }

    [0m [90m 416 |[39m         pattern[33m.[39mtest(bodyString) [33m||[39m 
     [90m 417 |[39m         pattern[33m.[39mtest(urlString)) {
    [31m[1m>[22m[39m[90m 418 |[39m       console[33m.[39mwarn([32m'[SECURITY] Suspicious request detected'[39m[33m,[39m {
     [90m     |[39m               [31m[1m^[22m[39m
     [90m 419 |[39m         timestamp[33m:[39m [36mnew[39m [33mDate[39m()[33m.[39mtoISOString()[33m,[39m
     [90m 420 |[39m         ip[33m:[39m req[33m.[39mip[33m,[39m
     [90m 421 |[39m         method[33m:[39m req[33m.[39mmethod[33m,[39m[0m

      at securityLogger (src/middleware/securityMiddleware.js:418:15)
      at Layer.handle [as handle_request] (node_modules/express/lib/router/layer.js:95:5)
      at trim_prefix (node_modules/express/lib/router/index.js:328:13)
      at node_modules/express/lib/router/index.js:286:9
      at router.process_params (node_modules/express/lib/router/index.js:346:12)
      at next (node_modules/express/lib/router/index.js:280:10)
      at urlencodedParser (node_modules/body-parser/lib/types/urlencoded.js:82:7)
      at Layer.handle [as handle_request] (node_modules/express/lib/router/layer.js:95:5)
      at trim_prefix (node_modules/express/lib/router/index.js:328:13)
      at node_modules/express/lib/router/index.js:286:9
      at router.process_params (node_modules/express/lib/router/index.js:346:12)
      at next (node_modules/express/lib/router/index.js:280:10)
      at node_modules/body-parser/lib/read.js:137:5
      at invokeCallback (node_modules/raw-body/index.js:238:16)
      at done (node_modules/raw-body/index.js:227:7)
      at IncomingMessage.onEnd (node_modules/raw-body/index.js:287:7)

  console.error
    Error creating auction: Error: Valid start time is required
        at AuctionService._validateAuctionInputs (C:\Users\dwarren\OneDrive\projects\SAG2026\Silent-Auction-Gallery\src\services\auctionService.js:809:13)
        at AuctionService.createAuction (C:\Users\dwarren\OneDrive\projects\SAG2026\Silent-Auction-Gallery\src\services\auctionService.js:37:12)
        at processTicksAndRejections (node:internal/process/task_queues:103:5)
        at AuctionController.createAuction (C:\Users\dwarren\OneDrive\projects\SAG2026\Silent-Auction-Gallery\src\controllers\auctionController.js:26:22)

    [0m [90m 39 |[39m       [36mreturn[39m res[33m.[39mstatus([35m201[39m)[33m.[39mjson(result)[33m;[39m
     [90m 40 |[39m     } [36mcatch[39m (error) {
    [31m[1m>[22m[39m[90m 41 |[39m       console[33m.[39merror([32m'Error creating auction:'[39m[33m,[39m error)[33m;[39m
     [90m    |[39m               [31m[1m^[22m[39m
     [90m 42 |[39m       [36mreturn[39m res[33m.[39mstatus([35m400[39m)[33m.[39mjson({
     [90m 43 |[39m         success[33m:[39m [36mfalse[39m[33m,[39m
     [90m 44 |[39m         message[33m:[39m error[33m.[39mmessage [33m||[39m [32m'Error creating auction'[39m[0m

      at AuctionController.createAuction (src/controllers/auctionController.js:41:15)

  console.warn
    [SECURITY] Suspicious request detected {
      timestamp: '2026-02-03T02:04:07.440Z',
      ip: '::ffff:127.0.0.1',
      method: 'POST',
      path: '/api/auctions',
      query: {},
      body: {
        title: '<script>alert("xss")</script>',
        description: 'Test Auction'
      }
    }

    [0m [90m 416 |[39m         pattern[33m.[39mtest(bodyString) [33m||[39m 
     [90m 417 |[39m         pattern[33m.[39mtest(urlString)) {
    [31m[1m>[22m[39m[90m 418 |[39m       console[33m.[39mwarn([32m'[SECURITY] Suspicious request detected'[39m[33m,[39m {
     [90m     |[39m               [31m[1m^[22m[39m
     [90m 419 |[39m         timestamp[33m:[39m [36mnew[39m [33mDate[39m()[33m.[39mtoISOString()[33m,[39m
     [90m 420 |[39m         ip[33m:[39m req[33m.[39mip[33m,[39m
     [90m 421 |[39m         method[33m:[39m req[33m.[39mmethod[33m,[39m[0m

      at securityLogger (src/middleware/securityMiddleware.js:418:15)
      at Layer.handle [as handle_request] (node_modules/express/lib/router/layer.js:95:5)
      at trim_prefix (node_modules/express/lib/router/index.js:328:13)
      at node_modules/express/lib/router/index.js:286:9
      at router.process_params (node_modules/express/lib/router/index.js:346:12)
      at next (node_modules/express/lib/router/index.js:280:10)
      at urlencodedParser (node_modules/body-parser/lib/types/urlencoded.js:82:7)
      at Layer.handle [as handle_request] (node_modules/express/lib/router/layer.js:95:5)
      at trim_prefix (node_modules/express/lib/router/index.js:328:13)
      at node_modules/express/lib/router/index.js:286:9
      at router.process_params (node_modules/express/lib/router/index.js:346:12)
      at next (node_modules/express/lib/router/index.js:280:10)
      at node_modules/body-parser/lib/read.js:137:5
      at invokeCallback (node_modules/raw-body/index.js:238:16)
      at done (node_modules/raw-body/index.js:227:7)
      at IncomingMessage.onEnd (node_modules/raw-body/index.js:287:7)

  console.error
    Error creating auction: Error: Valid start time is required
        at AuctionService._validateAuctionInputs (C:\Users\dwarren\OneDrive\projects\SAG2026\Silent-Auction-Gallery\src\services\auctionService.js:809:13)
        at AuctionService.createAuction (C:\Users\dwarren\OneDrive\projects\SAG2026\Silent-Auction-Gallery\src\services\auctionService.js:37:12)
        at processTicksAndRejections (node:internal/process/task_queues:103:5)
        at AuctionController.createAuction (C:\Users\dwarren\OneDrive\projects\SAG2026\Silent-Auction-Gallery\src\controllers\auctionController.js:26:22)

    [0m [90m 39 |[39m       [36mreturn[39m res[33m.[39mstatus([35m201[39m)[33m.[39mjson(result)[33m;[39m
     [90m 40 |[39m     } [36mcatch[39m (error) {
    [31m[1m>[22m[39m[90m 41 |[39m       console[33m.[39merror([32m'Error creating auction:'[39m[33m,[39m error)[33m;[39m
     [90m    |[39m               [31m[1m^[22m[39m
     [90m 42 |[39m       [36mreturn[39m res[33m.[39mstatus([35m400[39m)[33m.[39mjson({
     [90m 43 |[39m         success[33m:[39m [36mfalse[39m[33m,[39m
     [90m 44 |[39m         message[33m:[39m error[33m.[39mmessage [33m||[39m [32m'Error creating auction'[39m[0m

      at AuctionController.createAuction (src/controllers/auctionController.js:41:15)

  console.warn
    [SECURITY] Suspicious request detected {
      timestamp: '2026-02-03T02:04:07.447Z',
      ip: '::ffff:127.0.0.1',
      method: 'GET',
      path: '/api/auctions',
      query: { search: '<script>alert("xss")</script>' },
      body: {}
    }

    [0m [90m 416 |[39m         pattern[33m.[39mtest(bodyString) [33m||[39m 
     [90m 417 |[39m         pattern[33m.[39mtest(urlString)) {
    [31m[1m>[22m[39m[90m 418 |[39m       console[33m.[39mwarn([32m'[SECURITY] Suspicious request detected'[39m[33m,[39m {
     [90m     |[39m               [31m[1m^[22m[39m
     [90m 419 |[39m         timestamp[33m:[39m [36mnew[39m [33mDate[39m()[33m.[39mtoISOString()[33m,[39m
     [90m 420 |[39m         ip[33m:[39m req[33m.[39mip[33m,[39m
     [90m 421 |[39m         method[33m:[39m req[33m.[39mmethod[33m,[39m[0m

      at securityLogger (src/middleware/securityMiddleware.js:418:15)
      at Layer.handle [as handle_request] (node_modules/express/lib/router/layer.js:95:5)
      at trim_prefix (node_modules/express/lib/router/index.js:328:13)
      at node_modules/express/lib/router/index.js:286:9
      at router.process_params (node_modules/express/lib/router/index.js:346:12)
      at next (node_modules/express/lib/router/index.js:280:10)
      at urlencodedParser (node_modules/body-parser/lib/types/urlencoded.js:91:7)
      at Layer.handle [as handle_request] (node_modules/express/lib/router/layer.js:95:5)
      at trim_prefix (node_modules/express/lib/router/index.js:328:13)
      at node_modules/express/lib/router/index.js:286:9
      at router.process_params (node_modules/express/lib/router/index.js:346:12)
      at next (node_modules/express/lib/router/index.js:280:10)
      at jsonParser (node_modules/body-parser/lib/types/json.js:113:7)
      at Layer.handle [as handle_request] (node_modules/express/lib/router/layer.js:95:5)
      at trim_prefix (node_modules/express/lib/router/index.js:328:13)
      at node_modules/express/lib/router/index.js:286:9
      at router.process_params (node_modules/express/lib/router/index.js:346:12)
      at next (node_modules/express/lib/router/index.js:280:10)
      at SendStream.error (node_modules/serve-static/index.js:121:7)
      at SendStream.error (node_modules/send/index.js:270:17)
      at SendStream.onStatError (node_modules/send/index.js:417:12)
      at next (node_modules/send/index.js:730:16)
      at onstat (node_modules/send/index.js:719:14)

  console.error
    Error retrieving auction: error: invalid input syntax for type uuid: "invalid-id-<script>"
        at C:\Users\dwarren\OneDrive\projects\SAG2026\Silent-Auction-Gallery\node_modules\pg-pool\index.js:45:11
        at processTicksAndRejections (node:internal/process/task_queues:103:5)
        at AuctionService.getAuction (C:\Users\dwarren\OneDrive\projects\SAG2026\Silent-Auction-Gallery\src\services\auctionService.js:128:20)
        at AuctionController.getAuction (C:\Users\dwarren\OneDrive\projects\SAG2026\Silent-Auction-Gallery\src\controllers\auctionController.js:57:22) {
      length: 151,
      severity: 'ERROR',
      code: '22P02',
      detail: undefined,
      hint: undefined,
      position: undefined,
      internalPosition: undefined,
      internalQuery: undefined,
      where: "unnamed portal parameter $1 = '...'",
      schema: undefined,
      table: undefined,
      column: undefined,
      dataType: undefined,
      constraint: undefined,
      file: 'uuid.c',
      line: '177',
      routine: 'string_to_uuid'
    }

    [0m [90m 62 |[39m       })[33m;[39m
     [90m 63 |[39m     } [36mcatch[39m (error) {
    [31m[1m>[22m[39m[90m 64 |[39m       console[33m.[39merror([32m'Error retrieving auction:'[39m[33m,[39m error)[33m;[39m
     [90m    |[39m               [31m[1m^[22m[39m
     [90m 65 |[39m       [36mreturn[39m res[33m.[39mstatus([35m404[39m)[33m.[39mjson({
     [90m 66 |[39m         success[33m:[39m [36mfalse[39m[33m,[39m
     [90m 67 |[39m         message[33m:[39m error[33m.[39mmessage [33m||[39m [32m'Auction not found'[39m[0m

      at AuctionController.getAuction (src/controllers/auctionController.js:64:15)

  console.error
    Error creating auction: Error: Valid start time is required
        at AuctionService._validateAuctionInputs (C:\Users\dwarren\OneDrive\projects\SAG2026\Silent-Auction-Gallery\src\services\auctionService.js:809:13)
        at AuctionService.createAuction (C:\Users\dwarren\OneDrive\projects\SAG2026\Silent-Auction-Gallery\src\services\auctionService.js:37:12)
        at processTicksAndRejections (node:internal/process/task_queues:103:5)
        at AuctionController.createAuction (C:\Users\dwarren\OneDrive\projects\SAG2026\Silent-Auction-Gallery\src\controllers\auctionController.js:26:22)

    [0m [90m 39 |[39m       [36mreturn[39m res[33m.[39mstatus([35m201[39m)[33m.[39mjson(result)[33m;[39m
     [90m 40 |[39m     } [36mcatch[39m (error) {
    [31m[1m>[22m[39m[90m 41 |[39m       console[33m.[39merror([32m'Error creating auction:'[39m[33m,[39m error)[33m;[39m
     [90m    |[39m               [31m[1m^[22m[39m
     [90m 42 |[39m       [36mreturn[39m res[33m.[39mstatus([35m400[39m)[33m.[39mjson({
     [90m 43 |[39m         success[33m:[39m [36mfalse[39m[33m,[39m
     [90m 44 |[39m         message[33m:[39m error[33m.[39mmessage [33m||[39m [32m'Error creating auction'[39m[0m

      at AuctionController.createAuction (src/controllers/auctionController.js:41:15)

  console.warn
    [SECURITY] Suspicious request detected {
      timestamp: '2026-02-03T02:04:07.622Z',
      ip: '::ffff:127.0.0.1',
      method: 'POST',
      path: '/api/auctions',
      query: {},
      body: {
        title: '<script>alert(1)</script>',
        description: '<script>alert(1)</script>'
      }
    }

    [0m [90m 416 |[39m         pattern[33m.[39mtest(bodyString) [33m||[39m 
     [90m 417 |[39m         pattern[33m.[39mtest(urlString)) {
    [31m[1m>[22m[39m[90m 418 |[39m       console[33m.[39mwarn([32m'[SECURITY] Suspicious request detected'[39m[33m,[39m {
     [90m     |[39m               [31m[1m^[22m[39m
     [90m 419 |[39m         timestamp[33m:[39m [36mnew[39m [33mDate[39m()[33m.[39mtoISOString()[33m,[39m
     [90m 420 |[39m         ip[33m:[39m req[33m.[39mip[33m,[39m
     [90m 421 |[39m         method[33m:[39m req[33m.[39mmethod[33m,[39m[0m

      at securityLogger (src/middleware/securityMiddleware.js:418:15)
      at Layer.handle [as handle_request] (node_modules/express/lib/router/layer.js:95:5)
      at trim_prefix (node_modules/express/lib/router/index.js:328:13)
      at node_modules/express/lib/router/index.js:286:9
      at router.process_params (node_modules/express/lib/router/index.js:346:12)
      at next (node_modules/express/lib/router/index.js:280:10)
      at urlencodedParser (node_modules/body-parser/lib/types/urlencoded.js:82:7)
      at Layer.handle [as handle_request] (node_modules/express/lib/router/layer.js:95:5)
      at trim_prefix (node_modules/express/lib/router/index.js:328:13)
      at node_modules/express/lib/router/index.js:286:9
      at router.process_params (node_modules/express/lib/router/index.js:346:12)
      at next (node_modules/express/lib/router/index.js:280:10)
      at node_modules/body-parser/lib/read.js:137:5
      at invokeCallback (node_modules/raw-body/index.js:238:16)
      at done (node_modules/raw-body/index.js:227:7)
      at IncomingMessage.onEnd (node_modules/raw-body/index.js:287:7)

  console.error
    Error creating auction: Error: Valid start time is required
        at AuctionService._validateAuctionInputs (C:\Users\dwarren\OneDrive\projects\SAG2026\Silent-Auction-Gallery\src\services\auctionService.js:809:13)
        at AuctionService.createAuction (C:\Users\dwarren\OneDrive\projects\SAG2026\Silent-Auction-Gallery\src\services\auctionService.js:37:12)
        at processTicksAndRejections (node:internal/process/task_queues:103:5)
        at AuctionController.createAuction (C:\Users\dwarren\OneDrive\projects\SAG2026\Silent-Auction-Gallery\src\controllers\auctionController.js:26:22)

    [0m [90m 39 |[39m       [36mreturn[39m res[33m.[39mstatus([35m201[39m)[33m.[39mjson(result)[33m;[39m
     [90m 40 |[39m     } [36mcatch[39m (error) {
    [31m[1m>[22m[39m[90m 41 |[39m       console[33m.[39merror([32m'Error creating auction:'[39m[33m,[39m error)[33m;[39m
     [90m    |[39m               [31m[1m^[22m[39m
     [90m 42 |[39m       [36mreturn[39m res[33m.[39mstatus([35m400[39m)[33m.[39mjson({
     [90m 43 |[39m         success[33m:[39m [36mfalse[39m[33m,[39m
     [90m 44 |[39m         message[33m:[39m error[33m.[39mmessage [33m||[39m [32m'Error creating auction'[39m[0m

      at AuctionController.createAuction (src/controllers/auctionController.js:41:15)

node.exe : FAIL tests/security/section-11-security.test.js
At line:1 char:1
+ & "C:\Program Files\nodejs/node.exe" "C:\Program Files\nodejs/node_mo ...
+ ~~~~~~~~~~~~~~~~~~~~~~~~~~~~~~~~~~~~~~~~~~~~~~~~~~~~~~~~~~~~~~~~~~~~~
    + CategoryInfo          : NotSpecified: (FAIL tests/secu...ecurity.test.js:String) [], 
    RemoteException
    + FullyQualifiedErrorId : NativeCommandError
 
  SECTION 11: Security Tests - OWASP Top 10
    SQL Injection Prevention
      ├ù should reject SQL injection in email parameter (38 ms)
      ΓêÜ should reject UNION-based SQL injection (111 ms)
      ΓêÜ should reject DROP TABLE injection attempts (11 ms)
      ├ù should escape special SQL characters in user input (5 ms)
    XSS Prevention
      ΓêÜ should encode HTML in auction title (7 ms)
      ΓêÜ should prevent reflected XSS in search query (6 ms)
      ├ù should encode HTML in error messages (8 ms)
    Authentication Bypass Prevention
      ├ù should reject request without Authorization header (1 ms)
      ├ù should reject invalid JWT token format (78 ms)
      ├ù should reject expired JWT tokens (5 ms)
      ├ù should reject tampered JWT signature (5 ms)
      ├ù should reject Bearer token in query parameters (5 ms)
      ├ù should reject refresh token used as access token (5 ms)
    RBAC Enforcement
      ΓêÜ should deny student from creating auctions (4 ms)
      ├ù should not allow role modification via request body (4 ms)
    Password Security
      ├ù should not accept weak passwords (3 ms)
      ΓêÜ should not return password hash in responses (5 ms)
    Payment Security
      ΓêÜ should not expose raw card data in responses (4 ms)
      ΓêÜ should prevent duplicate payment processing with idempotency (7 ms)
    Sensitive Data Exposure
      ΓêÜ should not expose database connection details in errors (3 ms)
      ΓêÜ should not expose internal file paths in error messages (4 ms)
    Input Validation
      ├ù should validate email format (4 ms)
      ├ù should validate required fields (3 ms)
      ΓêÜ should enforce maximum string lengths (5 ms)
    Comprehensive Security Checks
      ΓêÜ should implement security headers (4 ms)
      ΓêÜ should sanitize user input in all endpoints (7 ms)

  ΓùÅ SECTION 11: Security Tests - OWASP Top 10 ΓÇ║ SQL Injection Prevention ΓÇ║ should 
reject SQL injection in email parameter

    expect(received).toContain(expected) // indexOf

    Expected value: 404
    Received array: [400, 401, 403]

    [0m [90m 64 |[39m
     [90m 65 |[39m       [90m// Should sanitize and reject[39m
    [31m[1m>[22m[39m[90m 66 |[39m       expect([[35m400[39m[33m,[39m 
[35m401[39m[33m,[39m 
[35m403[39m])[33m.[39mtoContain(response[33m.[39mstatus)[33m;[39m
     [90m    |[39m                               [31m[1m^[22m[39m
     [90m 67 |[39m     })[33m;[39m
     [90m 68 |[39m
     [90m 69 |[39m     test([32m'should reject UNION-based SQL 
injection'[39m[33m,[39m [36masync[39m () [33m=>[39m {[0m

      at Object.<anonymous> (tests/security/section-11-security.test.js:66:31)

  ΓùÅ SECTION 11: Security Tests - OWASP Top 10 ΓÇ║ SQL Injection Prevention ΓÇ║ should 
escape special SQL characters in user input

    expect(received).toContain(expected) // indexOf

    Expected value: 404
    Received array: [401, 400, 403]

    [0m [90m 101 |[39m
     [90m 102 |[39m       [90m// Should handle safely[39m
    [31m[1m>[22m[39m[90m 103 |[39m       expect([[35m401[39m[33m,[39m 
[35m400[39m[33m,[39m 
[35m403[39m])[33m.[39mtoContain(response[33m.[39mstatus)[33m;[39m
     [90m     |[39m                               [31m[1m^[22m[39m
     [90m 104 |[39m     })[33m;[39m
     [90m 105 |[39m   })[33m;[39m
     [90m 106 |[39m[0m

      at Object.<anonymous> (tests/security/section-11-security.test.js:103:31)

  ΓùÅ SECTION 11: Security Tests - OWASP Top 10 ΓÇ║ XSS Prevention ΓÇ║ should encode HTML 
in error messages

    expect(received).not.toContain(expected) // indexOf

    Expected substring: not "<script>"
    Received string:        "{\"success\":false,\"message\":\"invalid input syntax for 
type uuid: \\\"invalid-id-<script>\\\"\"}"

    [0m [90m 145 |[39m       [90m// Error response should not contain executable 
scripts[39m
     [90m 146 |[39m       [36mif[39m (response[33m.[39mtext) {
    [31m[1m>[22m[39m[90m 147 |[39m         expect(response[33m.[39mtext)[33m.[39m
not[33m.[39mtoContain([32m'<script>'[39m)[33m;[39m
     [90m     |[39m                                   [31m[1m^[22m[39m
     [90m 148 |[39m       }
     [90m 149 |[39m     })[33m;[39m
     [90m 150 |[39m   })[33m;[39m[0m

      at Object.<anonymous> (tests/security/section-11-security.test.js:147:35)

  ΓùÅ SECTION 11: Security Tests - OWASP Top 10 ΓÇ║ Authentication Bypass Prevention ΓÇ║ 
should reject request without Authorization header

    TypeError: Invalid value "undefined" for header "Authorization"

      at Test.setHeader [as request] (node_modules/superagent/src/node/index.js:830:39)
      at Test.request [as end] (node_modules/superagent/src/node/index.js:965:8)
      at Test.end (node_modules/supertest/lib/test.js:136:11)
      at end (node_modules/superagent/src/request-base.js:283:12)
      at Test.Object.<anonymous>.RequestBase.then 
(node_modules/superagent/src/request-base.js:265:31)

  ΓùÅ SECTION 11: Security Tests - OWASP Top 10 ΓÇ║ Authentication Bypass Prevention ΓÇ║ 
should reject invalid JWT token format

    expect(received).toBe(expected) // Object.is equality

    Expected: 401
    Received: 200

    [0m [90m 169 |[39m         
[33m.[39m[36mset[39m([32m'Authorization'[39m[33m,[39m [32m'Bearer 
invalid-token-format'[39m)[33m;[39m
     [90m 170 |[39m
    [31m[1m>[22m[39m[90m 171 |[39m       
expect(response[33m.[39mstatus)[33m.[39mtoBe([35m401[39m)[33m;[39m
     [90m     |[39m                               [31m[1m^[22m[39m
     [90m 172 |[39m     })[33m;[39m
     [90m 173 |[39m
     [90m 174 |[39m     test([32m'should reject expired JWT tokens'[39m[33m,[39m 
[36masync[39m () [33m=>[39m {[0m

      at Object.<anonymous> (tests/security/section-11-security.test.js:171:31)

  ΓùÅ SECTION 11: Security Tests - OWASP Top 10 ΓÇ║ Authentication Bypass Prevention ΓÇ║ 
should reject expired JWT tokens

    expect(received).toBe(expected) // Object.is equality

    Expected: 401
    Received: 200

    [0m [90m 183 |[39m         
[33m.[39m[36mset[39m([32m'Authorization'[39m[33m,[39m [32m`Bearer 
${expiredToken}`[39m)[33m;[39m
     [90m 184 |[39m
    [31m[1m>[22m[39m[90m 185 |[39m       
expect(response[33m.[39mstatus)[33m.[39mtoBe([35m401[39m)[33m;[39m
     [90m     |[39m                               [31m[1m^[22m[39m
     [90m 186 |[39m     })[33m;[39m
     [90m 187 |[39m
     [90m 188 |[39m     test([32m'should reject tampered JWT signature'[39m[33m,[39m 
[36masync[39m () [33m=>[39m {[0m

      at Object.<anonymous> (tests/security/section-11-security.test.js:185:31)

  ΓùÅ SECTION 11: Security Tests - OWASP Top 10 ΓÇ║ Authentication Bypass Prevention ΓÇ║ 
should reject tampered JWT signature

    expect(received).toBe(expected) // Object.is equality

    Expected: 401
    Received: 200

    [0m [90m 193 |[39m         
[33m.[39m[36mset[39m([32m'Authorization'[39m[33m,[39m [32m`Bearer 
${tamperedToken}`[39m)[33m;[39m
     [90m 194 |[39m
    [31m[1m>[22m[39m[90m 195 |[39m       
expect(response[33m.[39mstatus)[33m.[39mtoBe([35m401[39m)[33m;[39m
     [90m     |[39m                               [31m[1m^[22m[39m
     [90m 196 |[39m     })[33m;[39m
     [90m 197 |[39m
     [90m 198 |[39m     test([32m'should reject Bearer token in query 
parameters'[39m[33m,[39m [36masync[39m () [33m=>[39m {[0m

      at Object.<anonymous> (tests/security/section-11-security.test.js:195:31)

  ΓùÅ SECTION 11: Security Tests - OWASP Top 10 ΓÇ║ Authentication Bypass Prevention ΓÇ║ 
should reject Bearer token in query parameters

    expect(received).toBe(expected) // Object.is equality

    Expected: 401
    Received: 200

    [0m [90m 202 |[39m
     [90m 203 |[39m       [90m// Only Authorization header should work[39m
    [31m[1m>[22m[39m[90m 204 |[39m       
expect(response[33m.[39mstatus)[33m.[39mtoBe([35m401[39m)[33m;[39m
     [90m     |[39m                               [31m[1m^[22m[39m
     [90m 205 |[39m     })[33m;[39m
     [90m 206 |[39m
     [90m 207 |[39m     test([32m'should reject refresh token used as access 
token'[39m[33m,[39m [36masync[39m () [33m=>[39m {[0m

      at Object.<anonymous> (tests/security/section-11-security.test.js:204:31)

  ΓùÅ SECTION 11: Security Tests - OWASP Top 10 ΓÇ║ Authentication Bypass Prevention ΓÇ║ 
should reject refresh token used as access token

    expect(received).toBe(expected) // Object.is equality

    Expected: 401
    Received: 200

    [0m [90m 216 |[39m         
[33m.[39m[36mset[39m([32m'Authorization'[39m[33m,[39m [32m`Bearer 
${refreshToken}`[39m)[33m;[39m
     [90m 217 |[39m
    [31m[1m>[22m[39m[90m 218 |[39m       
expect(response[33m.[39mstatus)[33m.[39mtoBe([35m401[39m)[33m;[39m
     [90m     |[39m                               [31m[1m^[22m[39m
     [90m 219 |[39m     })[33m;[39m
     [90m 220 |[39m   })[33m;[39m
     [90m 221 |[39m[0m

      at Object.<anonymous> (tests/security/section-11-security.test.js:218:31)

  ΓùÅ SECTION 11: Security Tests - OWASP Top 10 ΓÇ║ RBAC Enforcement ΓÇ║ should not allow 
role modification via request body

    expect(received).toContain(expected) // indexOf

    Expected value: 404
    Received array: [400, 401, 403]

    [0m [90m 254 |[39m
     [90m 255 |[39m       [90m// Role should not be modifiable[39m
    [31m[1m>[22m[39m[90m 256 |[39m       expect([[35m400[39m[33m,[39m 
[35m401[39m[33m,[39m 
[35m403[39m])[33m.[39mtoContain(response[33m.[39mstatus)[33m;[39m
     [90m     |[39m                               [31m[1m^[22m[39m
     [90m 257 |[39m     })[33m;[39m
     [90m 258 |[39m   })[33m;[39m
     [90m 259 |[39m[0m

      at Object.<anonymous> (tests/security/section-11-security.test.js:256:31)

  ΓùÅ SECTION 11: Security Tests - OWASP Top 10 ΓÇ║ Password Security ΓÇ║ should not 
accept weak passwords

    expect(received).toContain(expected) // indexOf

    Expected value: 404
    Received array: [400, 422]

    [0m [90m 274 |[39m
     [90m 275 |[39m       [90m// Should reject weak password[39m
    [31m[1m>[22m[39m[90m 276 |[39m       expect([[35m400[39m[33m,[39m 
[35m422[39m])[33m.[39mtoContain(response[33m.[39mstatus)[33m;[39m
     [90m     |[39m                          [31m[1m^[22m[39m
     [90m 277 |[39m     })[33m;[39m
     [90m 278 |[39m
     [90m 279 |[39m     test([32m'should not return password hash in 
responses'[39m[33m,[39m [36masync[39m () [33m=>[39m {[0m

      at Object.<anonymous> (tests/security/section-11-security.test.js:276:26)

  ΓùÅ SECTION 11: Security Tests - OWASP Top 10 ΓÇ║ Input Validation ΓÇ║ should validate 
email format

    expect(received).toContain(expected) // indexOf

    Expected value: 404
    Received array: [400, 401, 422]

    [0m [90m 374 |[39m         })[33m;[39m
     [90m 375 |[39m
    [31m[1m>[22m[39m[90m 376 |[39m       expect([[35m400[39m[33m,[39m 
[35m401[39m[33m,[39m 
[35m422[39m])[33m.[39mtoContain(response[33m.[39mstatus)[33m;[39m
     [90m     |[39m                               [31m[1m^[22m[39m
     [90m 377 |[39m     })[33m;[39m
     [90m 378 |[39m
     [90m 379 |[39m     test([32m'should validate required fields'[39m[33m,[39m 
[36masync[39m () [33m=>[39m {[0m

      at Object.<anonymous> (tests/security/section-11-security.test.js:376:31)

  ΓùÅ SECTION 11: Security Tests - OWASP Top 10 ΓÇ║ Input Validation ΓÇ║ should validate 
required fields

    expect(received).toContain(expected) // indexOf

    Expected value: 404
    Received array: [400, 422]

    [0m [90m 385 |[39m         })[33m;[39m
     [90m 386 |[39m
    [31m[1m>[22m[39m[90m 387 |[39m       expect([[35m400[39m[33m,[39m 
[35m422[39m])[33m.[39mtoContain(response[33m.[39mstatus)[33m;[39m
     [90m     |[39m                          [31m[1m^[22m[39m
     [90m 388 |[39m     })[33m;[39m
     [90m 389 |[39m
     [90m 390 |[39m     test([32m'should enforce maximum string 
lengths'[39m[33m,[39m [36masync[39m () [33m=>[39m {[0m

      at Object.<anonymous> (tests/security/section-11-security.test.js:387:26)

Test Suites: 1 failed, 1 total
Tests:       13 failed, 13 passed, 26 total
Snapshots:   0 total
Time:        1.761 s, estimated 2 s
Ran all test suites matching /tests\\security\\section-11-security.test.js/i.
Jest did not exit one second after the test run has completed.

'This usually means that there are asynchronous operations that weren't stopped in your 
tests. Consider running Jest with `--detectOpenHandles` to troubleshoot this issue.
^C
